2026-04-29 13:17:40,494 INFO cli_configuration.py:157 [MainThread] - Set up MF CLI logging
  root_logger_level: INFO
  root_logger_handlers:
    [
      <StreamHandler <stderr> (CRITICAL)>,
      <TimedRotatingFileHandler /Users/damian.sanchez/Desktop/repos/futureproofds/logs/metricflow.log (INFO)>,
    ]
  previous_root_logger_level: WARNING
  previous_root_logger_handlers: (<StreamHandler <stderr> (NOTSET)>,)
  log_format: %(asctime)s %(levelname)s %(filename)s:%(lineno)d [%(threadName)s] - %(message)s
2026-04-29 13:21:55,341 INFO cli_configuration.py:157 [MainThread] - Set up MF CLI logging
  root_logger_level: INFO
  root_logger_handlers:
    [
      <StreamHandler <stderr> (CRITICAL)>,
      <TimedRotatingFileHandler /Users/damian.sanchez/Desktop/repos/futureproofds/logs/metricflow.log (INFO)>,
    ]
  previous_root_logger_level: WARNING
  previous_root_logger_handlers: (<StreamHandler <stderr> (NOTSET)>,)
  log_format: %(asctime)s %(levelname)s %(filename)s:%(lineno)d [%(threadName)s] - %(message)s
2026-04-29 13:21:55,695 INFO adapter_backed_client.py:216 [MainThread] - Running dry run (statement=SELECT * FROM "fpds"."public"."stg_fct_key_saas_bymonth", param_dict={})
2026-04-29 13:21:55,711 INFO adapter_backed_client.py:252 [MainThread] - Finished running the dry run (runtime=0.02s)
2026-04-29 13:21:55,711 INFO adapter_backed_client.py:216 [MainThread] - Running dry run (statement=SELECT * FROM "fpds"."public"."stg_fct_key_saas_byday", param_dict={})
2026-04-29 13:21:55,723 INFO adapter_backed_client.py:252 [MainThread] - Finished running the dry run (runtime=0.01s)
2026-04-29 13:21:55,780 INFO graph_builder.py:87 [MainThread] - Generated semantic graph. (node_count=44, edge_count=70, duration=0.00 s)
2026-04-29 13:21:55,785 INFO dataflow_to_sql.py:106 [MainThread] - Using option set for SQL generation:
  optimization_level: O5
  option_set:
    SqlGenerationOptionSet(
      optimizers=(
        <metricflow.sql.optimizer.column_pruning.column_pruner.SqlColumnPrunerOptimizer object at 0x1152d4a90>,
        <metricflow.sql.optimizer.rewriting_sub_query_reducer.SqlRewritingSubQueryReducer object at 0x1152d4b20>,
        <metricflow.sql.optimizer.table_alias_simplifier.SqlTableAliasSimplifier object at 0x1152d4ac0>,
      ),
      allow_cte=True,
    )
2026-04-29 13:21:55,788 INFO adapter_backed_client.py:216 [MainThread] - Running dry run
  statement:
    -- Read Elements From Semantic Model 'keysaas_daily_sl'
    -- Metric Time Dimension 'interval_start'
    -- Select: [
    --   'billing_account_id',
    --   'account_unique_key',
    --   'is_nts',
    --   'product',
    --   'plan_code',
    --   'plan_assistance_level',
    --   'plan_group',
    --   'billing_source',
    --   'country_name_asnow',
    --   'continent_asnow',
    --   'currency',
    --   'interval_start__day',
    --   'interval_start__week',
    --   'interval_start__month',
    --   'interval_start__quarter',
    --   'interval_start__year',
    --   'interval_start__extract_year',
    --   'interval_start__extract_quarter',
    --   'interval_start__extract_month',
    --   'interval_start__extract_day',
    --   'interval_start__extract_dow',
    --   'interval_start__extract_doy',
    -- ]
    SELECT
      DATE_TRUNC('day', interval_start) AS interval_start__day
      , DATE_TRUNC('week', interval_start) AS interval_start__week
      , DATE_TRUNC('month', interval_start) AS interval_start__month
      , DATE_TRUNC('quarter', interval_start) AS interval_start__quarter
      , DATE_TRUNC('year', interval_start) AS interval_start__year
      , EXTRACT(year FROM interval_start) AS interval_start__extract_year
      , EXTRACT(quarter FROM interval_start) AS interval_start__extract_quarter
      , EXTRACT(month FROM interval_start) AS interval_start__extract_month
      , EXTRACT(day FROM interval_start) AS interval_start__extract_day
      , EXTRACT(isodow FROM interval_start) AS interval_start__extract_dow
      , EXTRACT(doy FROM interval_start) AS interval_start__extract_doy
      , billing_account_id
      , account_unique_key
      , is_nts
      , product
      , plan_code
      , plan_assistance_level
      , plan_group
      , billing_source
      , country_name_asnow
      , continent_asnow
      , currency
    FROM "fpds"."public"."stg_fct_key_saas_byday" keysaas_daily_sl_src_0
  param_dict: {}
2026-04-29 13:21:55,803 INFO adapter_backed_client.py:252 [MainThread] - Finished running the dry run (runtime=0.01s)
2026-04-29 13:21:55,803 INFO dataflow_to_sql.py:106 [MainThread] - Using option set for SQL generation:
  optimization_level: O5
  option_set:
    SqlGenerationOptionSet(
      optimizers=(
        <metricflow.sql.optimizer.column_pruning.column_pruner.SqlColumnPrunerOptimizer object at 0x1151cf100>,
        <metricflow.sql.optimizer.rewriting_sub_query_reducer.SqlRewritingSubQueryReducer object at 0x1151ced10>,
        <metricflow.sql.optimizer.table_alias_simplifier.SqlTableAliasSimplifier object at 0x115301d20>,
      ),
      allow_cte=True,
    )
2026-04-29 13:21:55,806 INFO adapter_backed_client.py:216 [MainThread] - Running dry run
  statement:
    -- Read Elements From Semantic Model 'keysaas_monthly_sl'
    -- Metric Time Dimension 'interval_start'
    -- Select: [
    --   'billing_account_id',
    --   'account_unique_key',
    --   'is_nts',
    --   'product',
    --   'plan_code',
    --   'plan_assistance_level',
    --   'plan_group',
    --   'billing_source',
    --   'country_name_asnow',
    --   'continent_asnow',
    --   'currency',
    --   'interval_start__month',
    --   'interval_start__quarter',
    --   'interval_start__year',
    --   'interval_start__extract_year',
    --   'interval_start__extract_quarter',
    --   'interval_start__extract_month',
    -- ]
    SELECT
      DATE_TRUNC('month', interval_start) AS interval_start__month
      , DATE_TRUNC('quarter', interval_start) AS interval_start__quarter
      , DATE_TRUNC('year', interval_start) AS interval_start__year
      , EXTRACT(year FROM interval_start) AS interval_start__extract_year
      , EXTRACT(quarter FROM interval_start) AS interval_start__extract_quarter
      , EXTRACT(month FROM interval_start) AS interval_start__extract_month
      , billing_account_id
      , account_unique_key
      , is_nts
      , product
      , plan_code
      , plan_assistance_level
      , plan_group
      , billing_source
      , country_name_asnow
      , continent_asnow
      , currency
    FROM "fpds"."public"."stg_fct_key_saas_bymonth" keysaas_monthly_sl_src_0
  param_dict: {}
2026-04-29 13:21:55,817 INFO adapter_backed_client.py:252 [MainThread] - Finished running the dry run (runtime=0.01s)
2026-04-29 13:21:55,876 INFO graph_builder.py:87 [MainThread] - Generated semantic graph. (node_count=44, edge_count=70, duration=0.00 s)
2026-04-29 13:21:55,880 INFO dataflow_to_sql.py:106 [MainThread] - Using option set for SQL generation:
  optimization_level: O5
  option_set:
    SqlGenerationOptionSet(
      optimizers=(
        <metricflow.sql.optimizer.column_pruning.column_pruner.SqlColumnPrunerOptimizer object at 0x1152d79d0>,
        <metricflow.sql.optimizer.rewriting_sub_query_reducer.SqlRewritingSubQueryReducer object at 0x1152d7ee0>,
        <metricflow.sql.optimizer.table_alias_simplifier.SqlTableAliasSimplifier object at 0x1152d47f0>,
      ),
      allow_cte=True,
    )
2026-04-29 13:21:55,882 INFO adapter_backed_client.py:216 [MainThread] - Running dry run
  statement:
    -- Read Elements From Semantic Model 'keysaas_daily_sl'
    -- Metric Time Dimension 'interval_start'
    -- Select: ['keysaas_daily_unique_key']
    SELECT
      unique_key AS keysaas_daily_unique_key
    FROM "fpds"."public"."stg_fct_key_saas_byday" keysaas_daily_sl_src_2
  param_dict: {}
2026-04-29 13:21:55,893 INFO adapter_backed_client.py:252 [MainThread] - Finished running the dry run (runtime=0.01s)
2026-04-29 13:21:55,893 INFO dataflow_to_sql.py:106 [MainThread] - Using option set for SQL generation:
  optimization_level: O5
  option_set:
    SqlGenerationOptionSet(
      optimizers=(
        <metricflow.sql.optimizer.column_pruning.column_pruner.SqlColumnPrunerOptimizer object at 0x1152cf130>,
        <metricflow.sql.optimizer.rewriting_sub_query_reducer.SqlRewritingSubQueryReducer object at 0x1152cf430>,
        <metricflow.sql.optimizer.table_alias_simplifier.SqlTableAliasSimplifier object at 0x115305510>,
      ),
      allow_cte=True,
    )
2026-04-29 13:21:55,895 INFO adapter_backed_client.py:216 [MainThread] - Running dry run
  statement:
    -- Read Elements From Semantic Model 'keysaas_monthly_sl'
    -- Metric Time Dimension 'interval_start'
    -- Select: ['keysaas_monthly_unique_key']
    SELECT
      unique_key AS keysaas_monthly_unique_key
    FROM "fpds"."public"."stg_fct_key_saas_bymonth" keysaas_monthly_sl_src_2
  param_dict: {}
2026-04-29 13:21:55,906 INFO adapter_backed_client.py:252 [MainThread] - Finished running the dry run (runtime=0.01s)
2026-04-29 13:21:55,965 INFO graph_builder.py:87 [MainThread] - Generated semantic graph. (node_count=44, edge_count=70, duration=0.00 s)
2026-04-29 13:21:55,970 INFO dataflow_to_sql.py:106 [MainThread] - Using option set for SQL generation:
  optimization_level: O5
  option_set:
    SqlGenerationOptionSet(
      optimizers=(
        <metricflow.sql.optimizer.column_pruning.column_pruner.SqlColumnPrunerOptimizer object at 0x1153961a0>,
        <metricflow.sql.optimizer.rewriting_sub_query_reducer.SqlRewritingSubQueryReducer object at 0x115396260>,
        <metricflow.sql.optimizer.table_alias_simplifier.SqlTableAliasSimplifier object at 0x1153965f0>,
      ),
      allow_cte=True,
    )
2026-04-29 13:21:55,971 INFO adapter_backed_client.py:216 [MainThread] - Running dry run
  statement:
    -- Read Elements From Semantic Model 'keysaas_monthly_sl'
    -- Metric Time Dimension 'interval_start'
    -- Select: [
    --   '__key_saas_monthly_new_revenue_mt',
    --   '__key_saas_monthly_reactivated_revenue_mt',
    --   '__key_saas_monthly_expanded_revenue_mt',
    --   '__key_saas_monthly_contracted_revenue_mt',
    --   '__key_saas_monthly_lost_recurring_revenue_mt',
    -- ]
    SELECT
      case when first_time_recurring = 1 then recurring_revenue else 0 end AS __key_saas_monthly_new_revenue_mt
      , case when reactivated_recurring_customer = 1 then recurring_revenue else 0 end AS __key_saas_monthly_reactivated_revenue_mt
      , expanded_recurring_revenue AS __key_saas_monthly_expanded_revenue_mt
      , contracted_recurring_revenue AS __key_saas_monthly_contracted_revenue_mt
      , case when churned_recurring = 1 then lost_recurring_revenue else 0 end AS __key_saas_monthly_lost_recurring_revenue_mt
    FROM "fpds"."public"."stg_fct_key_saas_bymonth" keysaas_monthly_sl_src_4
  param_dict: {}
2026-04-29 13:21:55,981 INFO adapter_backed_client.py:252 [MainThread] - Finished running the dry run (runtime=0.01s)
2026-04-29 13:21:55,981 INFO dataflow_to_sql.py:106 [MainThread] - Using option set for SQL generation:
  optimization_level: O5
  option_set:
    SqlGenerationOptionSet(
      optimizers=(
        <metricflow.sql.optimizer.column_pruning.column_pruner.SqlColumnPrunerOptimizer object at 0x11538f6a0>,
        <metricflow.sql.optimizer.rewriting_sub_query_reducer.SqlRewritingSubQueryReducer object at 0x11538f940>,
        <metricflow.sql.optimizer.table_alias_simplifier.SqlTableAliasSimplifier object at 0x11538e860>,
      ),
      allow_cte=True,
    )
2026-04-29 13:21:55,983 INFO adapter_backed_client.py:216 [MainThread] - Running dry run
  statement:
    -- Read Elements From Semantic Model 'keysaas_daily_sl'
    -- Metric Time Dimension 'interval_start'
    -- Select: [
    --   '__key_saas_daily_new_revenue_mt',
    --   '__key_saas_daily_reactivated_revenue_mt',
    --   '__key_saas_daily_expanded_revenue_mt',
    --   '__key_saas_daily_contracted_revenue_mt',
    --   '__key_saas_daily_lost_recurring_revenue_mt',
    -- ]
    SELECT
      case when first_time_recurring = 1 then recurring_revenue else 0 end AS __key_saas_daily_new_revenue_mt
      , case when reactivated_recurring_customer = 1 then recurring_revenue else 0 end AS __key_saas_daily_reactivated_revenue_mt
      , expanded_recurring_revenue AS __key_saas_daily_expanded_revenue_mt
      , contracted_recurring_revenue AS __key_saas_daily_contracted_revenue_mt
      , case when churned_recurring = 1 then lost_recurring_revenue else 0 end AS __key_saas_daily_lost_recurring_revenue_mt
    FROM "fpds"."public"."stg_fct_key_saas_byday" keysaas_daily_sl_src_4
  param_dict: {}
2026-04-29 13:21:55,993 INFO adapter_backed_client.py:252 [MainThread] - Finished running the dry run (runtime=0.01s)
2026-04-29 13:21:56,054 INFO graph_builder.py:87 [MainThread] - Generated semantic graph. (node_count=44, edge_count=70, duration=0.00 s)
2026-04-29 13:21:56,056 INFO runtime.py:54 [MainThread] - Starting 'cache_output_data_sets for 5 nodes'
2026-04-29 13:21:56,058 INFO runtime.py:59 [MainThread] - Finished 'cache_output_data_sets for 5 nodes' in 0.0s
2026-04-29 13:21:56,059 INFO runtime.py:54 [MainThread] - Starting 'explain'
2026-04-29 13:21:56,059 INFO runtime.py:33 [MainThread] - Starting MetricFlowQueryParser._parse_and_validate_query()
2026-04-29 13:21:56,059 INFO runtime.py:33 [MainThread] - Starting MetricFlowQueryResolver._resolve_query()
2026-04-29 13:21:56,060 INFO runtime.py:33 [MainThread] - Starting WhereFilterSpecResolver._resolve_lookup()
2026-04-29 13:21:56,060 INFO runtime.py:39 [MainThread] - Finished WhereFilterSpecResolver._resolve_lookup() in 0.0s
2026-04-29 13:21:56,061 INFO runtime.py:39 [MainThread] - Finished MetricFlowQueryResolver._resolve_query() in 0.0s
2026-04-29 13:21:56,061 INFO runtime.py:39 [MainThread] - Finished MetricFlowQueryParser._parse_and_validate_query() in 0.0s
2026-04-29 13:21:56,061 INFO metricflow_engine.py:599 [MainThread] - Building dataflow plan (dataflow_plan_optimizations={SOURCE_SCAN})
2026-04-29 13:21:56,062 INFO metricflow_engine.py:627 [MainThread] - Building execution plan
2026-04-29 13:21:56,062 INFO dataflow_to_sql.py:106 [MainThread] - Using option set for SQL generation:
  optimization_level: O5
  option_set:
    SqlGenerationOptionSet(
      optimizers=(
        <metricflow.sql.optimizer.column_pruning.column_pruner.SqlColumnPrunerOptimizer object at 0x1153aa5c0>,
        <metricflow.sql.optimizer.rewriting_sub_query_reducer.SqlRewritingSubQueryReducer object at 0x1153aa3b0>,
        <metricflow.sql.optimizer.table_alias_simplifier.SqlTableAliasSimplifier object at 0x1153aa290>,
      ),
      allow_cte=True,
    )
2026-04-29 13:21:56,064 INFO runtime.py:59 [MainThread] - Finished 'explain' in 0.0s
2026-04-29 13:21:56,065 INFO adapter_backed_client.py:216 [MainThread] - Running dry run
  statement:
    SELECT
      metric_time__month
      , SUM(__key_saas_monthly_new_revenue_mt) AS key_saas_monthly_new_revenue_mt
    FROM (
      SELECT
        DATE_TRUNC('month', interval_start) AS metric_time__month
        , case when first_time_recurring = 1 then recurring_revenue else 0 end AS __key_saas_monthly_new_revenue_mt
      FROM "fpds"."public"."stg_fct_key_saas_bymonth" keysaas_monthly_sl_src_10000
    ) subq_3
    GROUP BY
      metric_time__month
  param_dict: {}
2026-04-29 13:21:56,077 INFO adapter_backed_client.py:252 [MainThread] - Finished running the dry run (runtime=0.01s)
2026-04-29 13:21:56,077 INFO runtime.py:54 [MainThread] - Starting 'explain'
2026-04-29 13:21:56,077 INFO runtime.py:33 [MainThread] - Starting MetricFlowQueryParser._parse_and_validate_query()
2026-04-29 13:21:56,077 INFO runtime.py:33 [MainThread] - Starting MetricFlowQueryResolver._resolve_query()
2026-04-29 13:21:56,078 INFO runtime.py:33 [MainThread] - Starting WhereFilterSpecResolver._resolve_lookup()
2026-04-29 13:21:56,078 INFO runtime.py:39 [MainThread] - Finished WhereFilterSpecResolver._resolve_lookup() in 0.0s
2026-04-29 13:21:56,078 INFO runtime.py:39 [MainThread] - Finished MetricFlowQueryResolver._resolve_query() in 0.0s
2026-04-29 13:21:56,078 INFO runtime.py:39 [MainThread] - Finished MetricFlowQueryParser._parse_and_validate_query() in 0.0s
2026-04-29 13:21:56,078 INFO metricflow_engine.py:599 [MainThread] - Building dataflow plan (dataflow_plan_optimizations={SOURCE_SCAN})
2026-04-29 13:21:56,079 INFO metricflow_engine.py:627 [MainThread] - Building execution plan
2026-04-29 13:21:56,079 INFO dataflow_to_sql.py:106 [MainThread] - Using option set for SQL generation:
  optimization_level: O5
  option_set:
    SqlGenerationOptionSet(
      optimizers=(
        <metricflow.sql.optimizer.column_pruning.column_pruner.SqlColumnPrunerOptimizer object at 0x1154052d0>,
        <metricflow.sql.optimizer.rewriting_sub_query_reducer.SqlRewritingSubQueryReducer object at 0x1154050f0>,
        <metricflow.sql.optimizer.table_alias_simplifier.SqlTableAliasSimplifier object at 0x115406c20>,
      ),
      allow_cte=True,
    )
2026-04-29 13:21:56,081 INFO runtime.py:59 [MainThread] - Finished 'explain' in 0.0s
2026-04-29 13:21:56,081 INFO adapter_backed_client.py:216 [MainThread] - Running dry run
  statement:
    SELECT
      metric_time__month
      , SUM(__key_saas_monthly_reactivated_revenue_mt) AS key_saas_monthly_reactivated_revenue_mt
    FROM (
      SELECT
        DATE_TRUNC('month', interval_start) AS metric_time__month
        , case when reactivated_recurring_customer = 1 then recurring_revenue else 0 end AS __key_saas_monthly_reactivated_revenue_mt
      FROM "fpds"."public"."stg_fct_key_saas_bymonth" keysaas_monthly_sl_src_10000
    ) subq_3
    GROUP BY
      metric_time__month
  param_dict: {}
2026-04-29 13:21:56,090 INFO adapter_backed_client.py:252 [MainThread] - Finished running the dry run (runtime=0.01s)
2026-04-29 13:21:56,091 INFO runtime.py:54 [MainThread] - Starting 'explain'
2026-04-29 13:21:56,091 INFO runtime.py:33 [MainThread] - Starting MetricFlowQueryParser._parse_and_validate_query()
2026-04-29 13:21:56,091 INFO runtime.py:33 [MainThread] - Starting MetricFlowQueryResolver._resolve_query()
2026-04-29 13:21:56,091 INFO runtime.py:33 [MainThread] - Starting WhereFilterSpecResolver._resolve_lookup()
2026-04-29 13:21:56,092 INFO runtime.py:39 [MainThread] - Finished WhereFilterSpecResolver._resolve_lookup() in 0.0s
2026-04-29 13:21:56,092 INFO runtime.py:39 [MainThread] - Finished MetricFlowQueryResolver._resolve_query() in 0.0s
2026-04-29 13:21:56,092 INFO runtime.py:39 [MainThread] - Finished MetricFlowQueryParser._parse_and_validate_query() in 0.0s
2026-04-29 13:21:56,092 INFO metricflow_engine.py:599 [MainThread] - Building dataflow plan (dataflow_plan_optimizations={SOURCE_SCAN})
2026-04-29 13:21:56,093 INFO metricflow_engine.py:627 [MainThread] - Building execution plan
2026-04-29 13:21:56,093 INFO dataflow_to_sql.py:106 [MainThread] - Using option set for SQL generation:
  optimization_level: O5
  option_set:
    SqlGenerationOptionSet(
      optimizers=(
        <metricflow.sql.optimizer.column_pruning.column_pruner.SqlColumnPrunerOptimizer object at 0x115421b40>,
        <metricflow.sql.optimizer.rewriting_sub_query_reducer.SqlRewritingSubQueryReducer object at 0x115423b80>,
        <metricflow.sql.optimizer.table_alias_simplifier.SqlTableAliasSimplifier object at 0x1154211e0>,
      ),
      allow_cte=True,
    )
2026-04-29 13:21:56,095 INFO runtime.py:59 [MainThread] - Finished 'explain' in 0.0s
2026-04-29 13:21:56,095 INFO adapter_backed_client.py:216 [MainThread] - Running dry run
  statement:
    SELECT
      DATE_TRUNC('month', interval_start) AS metric_time__month
      , SUM(expanded_recurring_revenue) AS key_saas_monthly_expanded_revenue_mt
    FROM "fpds"."public"."stg_fct_key_saas_bymonth" keysaas_monthly_sl_src_10000
    GROUP BY
      DATE_TRUNC('month', interval_start)
  param_dict: {}
2026-04-29 13:21:56,104 INFO adapter_backed_client.py:252 [MainThread] - Finished running the dry run (runtime=0.01s)
2026-04-29 13:21:56,105 INFO runtime.py:54 [MainThread] - Starting 'explain'
2026-04-29 13:21:56,105 INFO runtime.py:33 [MainThread] - Starting MetricFlowQueryParser._parse_and_validate_query()
2026-04-29 13:21:56,105 INFO runtime.py:33 [MainThread] - Starting MetricFlowQueryResolver._resolve_query()
2026-04-29 13:21:56,105 INFO runtime.py:33 [MainThread] - Starting WhereFilterSpecResolver._resolve_lookup()
2026-04-29 13:21:56,105 INFO runtime.py:39 [MainThread] - Finished WhereFilterSpecResolver._resolve_lookup() in 0.0s
2026-04-29 13:21:56,106 INFO runtime.py:39 [MainThread] - Finished MetricFlowQueryResolver._resolve_query() in 0.0s
2026-04-29 13:21:56,106 INFO runtime.py:39 [MainThread] - Finished MetricFlowQueryParser._parse_and_validate_query() in 0.0s
2026-04-29 13:21:56,106 INFO metricflow_engine.py:599 [MainThread] - Building dataflow plan (dataflow_plan_optimizations={SOURCE_SCAN})
2026-04-29 13:21:56,107 INFO metricflow_engine.py:627 [MainThread] - Building execution plan
2026-04-29 13:21:56,107 INFO dataflow_to_sql.py:106 [MainThread] - Using option set for SQL generation:
  optimization_level: O5
  option_set:
    SqlGenerationOptionSet(
      optimizers=(
        <metricflow.sql.optimizer.column_pruning.column_pruner.SqlColumnPrunerOptimizer object at 0x115404e20>,
        <metricflow.sql.optimizer.rewriting_sub_query_reducer.SqlRewritingSubQueryReducer object at 0x115405cf0>,
        <metricflow.sql.optimizer.table_alias_simplifier.SqlTableAliasSimplifier object at 0x115406350>,
      ),
      allow_cte=True,
    )
2026-04-29 13:21:56,109 INFO runtime.py:59 [MainThread] - Finished 'explain' in 0.0s
2026-04-29 13:21:56,109 INFO adapter_backed_client.py:216 [MainThread] - Running dry run
  statement:
    SELECT
      DATE_TRUNC('month', interval_start) AS metric_time__month
      , SUM(contracted_recurring_revenue) AS key_saas_monthly_contracted_revenue_mt
    FROM "fpds"."public"."stg_fct_key_saas_bymonth" keysaas_monthly_sl_src_10000
    GROUP BY
      DATE_TRUNC('month', interval_start)
  param_dict: {}
2026-04-29 13:21:56,118 INFO adapter_backed_client.py:252 [MainThread] - Finished running the dry run (runtime=0.01s)
2026-04-29 13:21:56,118 INFO runtime.py:54 [MainThread] - Starting 'explain'
2026-04-29 13:21:56,119 INFO runtime.py:33 [MainThread] - Starting MetricFlowQueryParser._parse_and_validate_query()
2026-04-29 13:21:56,119 INFO runtime.py:33 [MainThread] - Starting MetricFlowQueryResolver._resolve_query()
2026-04-29 13:21:56,119 INFO runtime.py:33 [MainThread] - Starting WhereFilterSpecResolver._resolve_lookup()
2026-04-29 13:21:56,119 INFO runtime.py:39 [MainThread] - Finished WhereFilterSpecResolver._resolve_lookup() in 0.0s
2026-04-29 13:21:56,119 INFO runtime.py:39 [MainThread] - Finished MetricFlowQueryResolver._resolve_query() in 0.0s
2026-04-29 13:21:56,119 INFO runtime.py:39 [MainThread] - Finished MetricFlowQueryParser._parse_and_validate_query() in 0.0s
2026-04-29 13:21:56,120 INFO metricflow_engine.py:599 [MainThread] - Building dataflow plan (dataflow_plan_optimizations={SOURCE_SCAN})
2026-04-29 13:21:56,121 INFO metricflow_engine.py:627 [MainThread] - Building execution plan
2026-04-29 13:21:56,121 INFO dataflow_to_sql.py:106 [MainThread] - Using option set for SQL generation:
  optimization_level: O5
  option_set:
    SqlGenerationOptionSet(
      optimizers=(
        <metricflow.sql.optimizer.column_pruning.column_pruner.SqlColumnPrunerOptimizer object at 0x115442260>,
        <metricflow.sql.optimizer.rewriting_sub_query_reducer.SqlRewritingSubQueryReducer object at 0x115441600>,
        <metricflow.sql.optimizer.table_alias_simplifier.SqlTableAliasSimplifier object at 0x115443a90>,
      ),
      allow_cte=True,
    )
2026-04-29 13:21:56,122 INFO runtime.py:59 [MainThread] - Finished 'explain' in 0.0s
2026-04-29 13:21:56,123 INFO adapter_backed_client.py:216 [MainThread] - Running dry run
  statement:
    SELECT
      metric_time__month
      , SUM(__key_saas_monthly_lost_recurring_revenue_mt) AS key_saas_monthly_lost_recurring_revenue_mt
    FROM (
      SELECT
        DATE_TRUNC('month', interval_start) AS metric_time__month
        , case when churned_recurring = 1 then lost_recurring_revenue else 0 end AS __key_saas_monthly_lost_recurring_revenue_mt
      FROM "fpds"."public"."stg_fct_key_saas_bymonth" keysaas_monthly_sl_src_10000
    ) subq_3
    GROUP BY
      metric_time__month
  param_dict: {}
2026-04-29 13:21:56,132 INFO adapter_backed_client.py:252 [MainThread] - Finished running the dry run (runtime=0.01s)
2026-04-29 13:21:56,132 INFO runtime.py:54 [MainThread] - Starting 'explain'
2026-04-29 13:21:56,132 INFO runtime.py:33 [MainThread] - Starting MetricFlowQueryParser._parse_and_validate_query()
2026-04-29 13:21:56,132 INFO runtime.py:33 [MainThread] - Starting MetricFlowQueryResolver._resolve_query()
2026-04-29 13:21:56,133 INFO runtime.py:33 [MainThread] - Starting WhereFilterSpecResolver._resolve_lookup()
2026-04-29 13:21:56,133 INFO runtime.py:39 [MainThread] - Finished WhereFilterSpecResolver._resolve_lookup() in 0.0s
2026-04-29 13:21:56,133 INFO runtime.py:39 [MainThread] - Finished MetricFlowQueryResolver._resolve_query() in 0.0s
2026-04-29 13:21:56,133 INFO runtime.py:39 [MainThread] - Finished MetricFlowQueryParser._parse_and_validate_query() in 0.0s
2026-04-29 13:21:56,133 INFO metricflow_engine.py:599 [MainThread] - Building dataflow plan (dataflow_plan_optimizations={SOURCE_SCAN})
2026-04-29 13:21:56,135 INFO metricflow_engine.py:627 [MainThread] - Building execution plan
2026-04-29 13:21:56,135 INFO dataflow_to_sql.py:106 [MainThread] - Using option set for SQL generation:
  optimization_level: O5
  option_set:
    SqlGenerationOptionSet(
      optimizers=(
        <metricflow.sql.optimizer.column_pruning.column_pruner.SqlColumnPrunerOptimizer object at 0x1153a9cf0>,
        <metricflow.sql.optimizer.rewriting_sub_query_reducer.SqlRewritingSubQueryReducer object at 0x1153a9b10>,
        <metricflow.sql.optimizer.table_alias_simplifier.SqlTableAliasSimplifier object at 0x11539dcc0>,
      ),
      allow_cte=True,
    )
2026-04-29 13:21:56,137 INFO runtime.py:59 [MainThread] - Finished 'explain' in 0.0s
2026-04-29 13:21:56,137 INFO adapter_backed_client.py:216 [MainThread] - Running dry run
  statement:
    SELECT
      metric_time__month
      , key_saas_monthly_new_revenue_mt + key_saas_monthly_reactivated_revenue_mt + key_saas_monthly_expanded_revenue_mt + key_saas_monthly_contracted_revenue_mt - key_saas_monthly_lost_recurring_revenue_mt AS key_saas_monthly_mrr_mt
    FROM (
      SELECT
        metric_time__month
        , SUM(__key_saas_monthly_new_revenue_mt) AS key_saas_monthly_new_revenue_mt
        , SUM(__key_saas_monthly_reactivated_revenue_mt) AS key_saas_monthly_reactivated_revenue_mt
        , SUM(__key_saas_monthly_expanded_revenue_mt) AS key_saas_monthly_expanded_revenue_mt
        , SUM(__key_saas_monthly_contracted_revenue_mt) AS key_saas_monthly_contracted_revenue_mt
        , SUM(__key_saas_monthly_lost_recurring_revenue_mt) AS key_saas_monthly_lost_recurring_revenue_mt
      FROM (
        SELECT
          DATE_TRUNC('month', interval_start) AS metric_time__month
          , case when first_time_recurring = 1 then recurring_revenue else 0 end AS __key_saas_monthly_new_revenue_mt
          , case when reactivated_recurring_customer = 1 then recurring_revenue else 0 end AS __key_saas_monthly_reactivated_revenue_mt
          , expanded_recurring_revenue AS __key_saas_monthly_expanded_revenue_mt
          , contracted_recurring_revenue AS __key_saas_monthly_contracted_revenue_mt
          , case when churned_recurring = 1 then lost_recurring_revenue else 0 end AS __key_saas_monthly_lost_recurring_revenue_mt
        FROM "fpds"."public"."stg_fct_key_saas_bymonth" keysaas_monthly_sl_src_10000
      ) subq_3
      GROUP BY
        metric_time__month
    ) subq_5
  param_dict: {}
2026-04-29 13:21:56,149 INFO adapter_backed_client.py:252 [MainThread] - Finished running the dry run (runtime=0.01s)
2026-04-29 13:21:56,149 INFO runtime.py:54 [MainThread] - Starting 'explain'
2026-04-29 13:21:56,149 INFO runtime.py:33 [MainThread] - Starting MetricFlowQueryParser._parse_and_validate_query()
2026-04-29 13:21:56,149 INFO runtime.py:33 [MainThread] - Starting MetricFlowQueryResolver._resolve_query()
2026-04-29 13:21:56,150 INFO runtime.py:33 [MainThread] - Starting WhereFilterSpecResolver._resolve_lookup()
2026-04-29 13:21:56,151 INFO runtime.py:39 [MainThread] - Finished WhereFilterSpecResolver._resolve_lookup() in 0.0s
2026-04-29 13:21:56,151 INFO runtime.py:39 [MainThread] - Finished MetricFlowQueryResolver._resolve_query() in 0.0s
2026-04-29 13:21:56,151 INFO runtime.py:39 [MainThread] - Finished MetricFlowQueryParser._parse_and_validate_query() in 0.0s
2026-04-29 13:21:56,151 INFO metricflow_engine.py:599 [MainThread] - Building dataflow plan (dataflow_plan_optimizations={SOURCE_SCAN})
2026-04-29 13:21:56,153 INFO metricflow_engine.py:627 [MainThread] - Building execution plan
2026-04-29 13:21:56,153 INFO dataflow_to_sql.py:106 [MainThread] - Using option set for SQL generation:
  optimization_level: O5
  option_set:
    SqlGenerationOptionSet(
      optimizers=(
        <metricflow.sql.optimizer.column_pruning.column_pruner.SqlColumnPrunerOptimizer object at 0x115440fa0>,
        <metricflow.sql.optimizer.rewriting_sub_query_reducer.SqlRewritingSubQueryReducer object at 0x115442380>,
        <metricflow.sql.optimizer.table_alias_simplifier.SqlTableAliasSimplifier object at 0x115443220>,
      ),
      allow_cte=True,
    )
2026-04-29 13:21:56,155 INFO runtime.py:59 [MainThread] - Finished 'explain' in 0.0s
2026-04-29 13:21:56,155 INFO adapter_backed_client.py:216 [MainThread] - Running dry run
  statement:
    SELECT
      metric_time__day
      , SUM(__key_saas_daily_new_revenue_mt) AS key_saas_daily_new_revenue_mt
    FROM (
      SELECT
        DATE_TRUNC('day', interval_start) AS metric_time__day
        , case when first_time_recurring = 1 then recurring_revenue else 0 end AS __key_saas_daily_new_revenue_mt
      FROM "fpds"."public"."stg_fct_key_saas_byday" keysaas_daily_sl_src_10000
    ) subq_3
    GROUP BY
      metric_time__day
  param_dict: {}
2026-04-29 13:21:56,164 INFO adapter_backed_client.py:252 [MainThread] - Finished running the dry run (runtime=0.01s)
2026-04-29 13:21:56,164 INFO runtime.py:54 [MainThread] - Starting 'explain'
2026-04-29 13:21:56,164 INFO runtime.py:33 [MainThread] - Starting MetricFlowQueryParser._parse_and_validate_query()
2026-04-29 13:21:56,164 INFO runtime.py:33 [MainThread] - Starting MetricFlowQueryResolver._resolve_query()
2026-04-29 13:21:56,165 INFO runtime.py:33 [MainThread] - Starting WhereFilterSpecResolver._resolve_lookup()
2026-04-29 13:21:56,165 INFO runtime.py:39 [MainThread] - Finished WhereFilterSpecResolver._resolve_lookup() in 0.0s
2026-04-29 13:21:56,165 INFO runtime.py:39 [MainThread] - Finished MetricFlowQueryResolver._resolve_query() in 0.0s
2026-04-29 13:21:56,165 INFO runtime.py:39 [MainThread] - Finished MetricFlowQueryParser._parse_and_validate_query() in 0.0s
2026-04-29 13:21:56,165 INFO metricflow_engine.py:599 [MainThread] - Building dataflow plan (dataflow_plan_optimizations={SOURCE_SCAN})
2026-04-29 13:21:56,166 INFO metricflow_engine.py:627 [MainThread] - Building execution plan
2026-04-29 13:21:56,166 INFO dataflow_to_sql.py:106 [MainThread] - Using option set for SQL generation:
  optimization_level: O5
  option_set:
    SqlGenerationOptionSet(
      optimizers=(
        <metricflow.sql.optimizer.column_pruning.column_pruner.SqlColumnPrunerOptimizer object at 0x1154842b0>,
        <metricflow.sql.optimizer.rewriting_sub_query_reducer.SqlRewritingSubQueryReducer object at 0x115484730>,
        <metricflow.sql.optimizer.table_alias_simplifier.SqlTableAliasSimplifier object at 0x115484e20>,
      ),
      allow_cte=True,
    )
2026-04-29 13:21:56,168 INFO runtime.py:59 [MainThread] - Finished 'explain' in 0.0s
2026-04-29 13:21:56,168 INFO adapter_backed_client.py:216 [MainThread] - Running dry run
  statement:
    SELECT
      metric_time__day
      , SUM(__key_saas_daily_reactivated_revenue_mt) AS key_saas_daily_reactivated_revenue_mt
    FROM (
      SELECT
        DATE_TRUNC('day', interval_start) AS metric_time__day
        , case when reactivated_recurring_customer = 1 then recurring_revenue else 0 end AS __key_saas_daily_reactivated_revenue_mt
      FROM "fpds"."public"."stg_fct_key_saas_byday" keysaas_daily_sl_src_10000
    ) subq_3
    GROUP BY
      metric_time__day
  param_dict: {}
2026-04-29 13:21:56,179 INFO adapter_backed_client.py:252 [MainThread] - Finished running the dry run (runtime=0.01s)
2026-04-29 13:21:56,179 INFO runtime.py:54 [MainThread] - Starting 'explain'
2026-04-29 13:21:56,179 INFO runtime.py:33 [MainThread] - Starting MetricFlowQueryParser._parse_and_validate_query()
2026-04-29 13:21:56,179 INFO runtime.py:33 [MainThread] - Starting MetricFlowQueryResolver._resolve_query()
2026-04-29 13:21:56,180 INFO runtime.py:33 [MainThread] - Starting WhereFilterSpecResolver._resolve_lookup()
2026-04-29 13:21:56,180 INFO runtime.py:39 [MainThread] - Finished WhereFilterSpecResolver._resolve_lookup() in 0.0s
2026-04-29 13:21:56,180 INFO runtime.py:39 [MainThread] - Finished MetricFlowQueryResolver._resolve_query() in 0.0s
2026-04-29 13:21:56,180 INFO runtime.py:39 [MainThread] - Finished MetricFlowQueryParser._parse_and_validate_query() in 0.0s
2026-04-29 13:21:56,180 INFO metricflow_engine.py:599 [MainThread] - Building dataflow plan (dataflow_plan_optimizations={SOURCE_SCAN})
2026-04-29 13:21:56,181 INFO metricflow_engine.py:627 [MainThread] - Building execution plan
2026-04-29 13:21:56,181 INFO dataflow_to_sql.py:106 [MainThread] - Using option set for SQL generation:
  optimization_level: O5
  option_set:
    SqlGenerationOptionSet(
      optimizers=(
        <metricflow.sql.optimizer.column_pruning.column_pruner.SqlColumnPrunerOptimizer object at 0x11548e8f0>,
        <metricflow.sql.optimizer.rewriting_sub_query_reducer.SqlRewritingSubQueryReducer object at 0x11548d210>,
        <metricflow.sql.optimizer.table_alias_simplifier.SqlTableAliasSimplifier object at 0x11548eb60>,
      ),
      allow_cte=True,
    )
2026-04-29 13:21:56,183 INFO runtime.py:59 [MainThread] - Finished 'explain' in 0.0s
2026-04-29 13:21:56,183 INFO adapter_backed_client.py:216 [MainThread] - Running dry run
  statement:
    SELECT
      DATE_TRUNC('day', interval_start) AS metric_time__day
      , SUM(expanded_recurring_revenue) AS key_saas_daily_expanded_revenue_mt
    FROM "fpds"."public"."stg_fct_key_saas_byday" keysaas_daily_sl_src_10000
    GROUP BY
      DATE_TRUNC('day', interval_start)
  param_dict: {}
2026-04-29 13:21:56,193 INFO adapter_backed_client.py:252 [MainThread] - Finished running the dry run (runtime=0.01s)
2026-04-29 13:21:56,193 INFO runtime.py:54 [MainThread] - Starting 'explain'
2026-04-29 13:21:56,193 INFO runtime.py:33 [MainThread] - Starting MetricFlowQueryParser._parse_and_validate_query()
2026-04-29 13:21:56,193 INFO runtime.py:33 [MainThread] - Starting MetricFlowQueryResolver._resolve_query()
2026-04-29 13:21:56,194 INFO runtime.py:33 [MainThread] - Starting WhereFilterSpecResolver._resolve_lookup()
2026-04-29 13:21:56,194 INFO runtime.py:39 [MainThread] - Finished WhereFilterSpecResolver._resolve_lookup() in 0.0s
2026-04-29 13:21:56,194 INFO runtime.py:39 [MainThread] - Finished MetricFlowQueryResolver._resolve_query() in 0.0s
2026-04-29 13:21:56,194 INFO runtime.py:39 [MainThread] - Finished MetricFlowQueryParser._parse_and_validate_query() in 0.0s
2026-04-29 13:21:56,194 INFO metricflow_engine.py:599 [MainThread] - Building dataflow plan (dataflow_plan_optimizations={SOURCE_SCAN})
2026-04-29 13:21:56,195 INFO metricflow_engine.py:627 [MainThread] - Building execution plan
2026-04-29 13:21:56,195 INFO dataflow_to_sql.py:106 [MainThread] - Using option set for SQL generation:
  optimization_level: O5
  option_set:
    SqlGenerationOptionSet(
      optimizers=(
        <metricflow.sql.optimizer.column_pruning.column_pruner.SqlColumnPrunerOptimizer object at 0x1154998d0>,
        <metricflow.sql.optimizer.rewriting_sub_query_reducer.SqlRewritingSubQueryReducer object at 0x1154999c0>,
        <metricflow.sql.optimizer.table_alias_simplifier.SqlTableAliasSimplifier object at 0x115499ba0>,
      ),
      allow_cte=True,
    )
2026-04-29 13:21:56,197 INFO runtime.py:59 [MainThread] - Finished 'explain' in 0.0s
2026-04-29 13:21:56,197 INFO adapter_backed_client.py:216 [MainThread] - Running dry run
  statement:
    SELECT
      DATE_TRUNC('day', interval_start) AS metric_time__day
      , SUM(contracted_recurring_revenue) AS key_saas_daily_contracted_revenue_mt
    FROM "fpds"."public"."stg_fct_key_saas_byday" keysaas_daily_sl_src_10000
    GROUP BY
      DATE_TRUNC('day', interval_start)
  param_dict: {}
2026-04-29 13:21:56,207 INFO adapter_backed_client.py:252 [MainThread] - Finished running the dry run (runtime=0.01s)
2026-04-29 13:21:56,207 INFO runtime.py:54 [MainThread] - Starting 'explain'
2026-04-29 13:21:56,207 INFO runtime.py:33 [MainThread] - Starting MetricFlowQueryParser._parse_and_validate_query()
2026-04-29 13:21:56,207 INFO runtime.py:33 [MainThread] - Starting MetricFlowQueryResolver._resolve_query()
2026-04-29 13:21:56,208 INFO runtime.py:33 [MainThread] - Starting WhereFilterSpecResolver._resolve_lookup()
2026-04-29 13:21:56,208 INFO runtime.py:39 [MainThread] - Finished WhereFilterSpecResolver._resolve_lookup() in 0.0s
2026-04-29 13:21:56,208 INFO runtime.py:39 [MainThread] - Finished MetricFlowQueryResolver._resolve_query() in 0.0s
2026-04-29 13:21:56,208 INFO runtime.py:39 [MainThread] - Finished MetricFlowQueryParser._parse_and_validate_query() in 0.0s
2026-04-29 13:21:56,208 INFO metricflow_engine.py:599 [MainThread] - Building dataflow plan (dataflow_plan_optimizations={SOURCE_SCAN})
2026-04-29 13:21:56,209 INFO metricflow_engine.py:627 [MainThread] - Building execution plan
2026-04-29 13:21:56,209 INFO dataflow_to_sql.py:106 [MainThread] - Using option set for SQL generation:
  optimization_level: O5
  option_set:
    SqlGenerationOptionSet(
      optimizers=(
        <metricflow.sql.optimizer.column_pruning.column_pruner.SqlColumnPrunerOptimizer object at 0x1154b1930>,
        <metricflow.sql.optimizer.rewriting_sub_query_reducer.SqlRewritingSubQueryReducer object at 0x1154b1b70>,
        <metricflow.sql.optimizer.table_alias_simplifier.SqlTableAliasSimplifier object at 0x1154b2ef0>,
      ),
      allow_cte=True,
    )
2026-04-29 13:21:56,211 INFO runtime.py:59 [MainThread] - Finished 'explain' in 0.0s
2026-04-29 13:21:56,211 INFO adapter_backed_client.py:216 [MainThread] - Running dry run
  statement:
    SELECT
      metric_time__day
      , SUM(__key_saas_daily_lost_recurring_revenue_mt) AS key_saas_daily_lost_recurring_revenue_mt
    FROM (
      SELECT
        DATE_TRUNC('day', interval_start) AS metric_time__day
        , case when churned_recurring = 1 then lost_recurring_revenue else 0 end AS __key_saas_daily_lost_recurring_revenue_mt
      FROM "fpds"."public"."stg_fct_key_saas_byday" keysaas_daily_sl_src_10000
    ) subq_3
    GROUP BY
      metric_time__day
  param_dict: {}
2026-04-29 13:21:56,221 INFO adapter_backed_client.py:252 [MainThread] - Finished running the dry run (runtime=0.01s)
2026-04-29 13:22:05,547 INFO cli_configuration.py:157 [MainThread] - Set up MF CLI logging
  root_logger_level: INFO
  root_logger_handlers:
    [
      <StreamHandler <stderr> (CRITICAL)>,
      <TimedRotatingFileHandler /Users/damian.sanchez/Desktop/repos/futureproofds/logs/metricflow.log (INFO)>,
    ]
  previous_root_logger_level: WARNING
  previous_root_logger_handlers: (<StreamHandler <stderr> (NOTSET)>,)
  log_format: %(asctime)s %(levelname)s %(filename)s:%(lineno)d [%(threadName)s] - %(message)s
2026-04-29 13:22:05,727 INFO graph_builder.py:87 [MainThread] - Generated semantic graph. (node_count=44, edge_count=70, duration=0.00 s)
2026-04-29 13:22:05,729 INFO runtime.py:54 [MainThread] - Starting 'cache_output_data_sets for 5 nodes'
2026-04-29 13:22:05,730 INFO runtime.py:59 [MainThread] - Finished 'cache_output_data_sets for 5 nodes' in 0.0s
2026-04-29 13:22:05,731 INFO metricflow_engine.py:507 [MainThread] - Starting query request
  mf_request:
    MetricFlowQueryRequest(
      request_id=MetricFlowRequestId(mf_rid='el9c2o08'),
      metric_names=['key_saas_monthly_new_revenue_mt'],
      group_by_names=['metric_time'],
      min_max_only=False,
      apply_group_by=True,
      sql_optimization_level=O5,
      dataflow_plan_optimizations={SOURCE_SCAN},
      query_type=METRIC,
      order_output_columns_by_input_order=False,
    )
2026-04-29 13:22:05,731 INFO runtime.py:33 [MainThread] - Starting MetricFlowQueryParser._parse_and_validate_query()
2026-04-29 13:22:05,731 INFO runtime.py:33 [MainThread] - Starting MetricFlowQueryResolver._resolve_query()
2026-04-29 13:22:05,732 INFO runtime.py:33 [MainThread] - Starting WhereFilterSpecResolver._resolve_lookup()
2026-04-29 13:22:05,732 INFO runtime.py:39 [MainThread] - Finished WhereFilterSpecResolver._resolve_lookup() in 0.0s
2026-04-29 13:22:05,732 INFO runtime.py:39 [MainThread] - Finished MetricFlowQueryResolver._resolve_query() in 0.0s
2026-04-29 13:22:05,732 INFO runtime.py:39 [MainThread] - Finished MetricFlowQueryParser._parse_and_validate_query() in 0.0s
2026-04-29 13:22:05,732 INFO metricflow_engine.py:599 [MainThread] - Building dataflow plan (dataflow_plan_optimizations={SOURCE_SCAN})
2026-04-29 13:22:05,734 INFO metricflow_engine.py:627 [MainThread] - Building execution plan
2026-04-29 13:22:05,734 INFO dataflow_to_sql.py:106 [MainThread] - Using option set for SQL generation:
  optimization_level: O5
  option_set:
    SqlGenerationOptionSet(
      optimizers=(
        <metricflow.sql.optimizer.column_pruning.column_pruner.SqlColumnPrunerOptimizer object at 0x122b63ee0>,
        <metricflow.sql.optimizer.rewriting_sub_query_reducer.SqlRewritingSubQueryReducer object at 0x122b63e50>,
        <metricflow.sql.optimizer.table_alias_simplifier.SqlTableAliasSimplifier object at 0x122b63ca0>,
      ),
      allow_cte=True,
    )
2026-04-29 13:22:05,736 INFO adapter_backed_client.py:146 [MainThread] - Running query() statement
  statement:
    -- Aggregate Inputs for Simple Metrics
    -- Compute Metrics via Expressions
    -- Write to DataTable
    SELECT
      metric_time__month
      , SUM(__key_saas_monthly_new_revenue_mt) AS key_saas_monthly_new_revenue_mt
    FROM (
      -- Read Elements From Semantic Model 'keysaas_monthly_sl'
      -- Metric Time Dimension 'interval_start'
      -- Select: ['__key_saas_monthly_new_revenue_mt', 'metric_time__month']
      -- Select: ['__key_saas_monthly_new_revenue_mt', 'metric_time__month']
      SELECT
        DATE_TRUNC('month', interval_start) AS metric_time__month
        , case when first_time_recurring = 1 then recurring_revenue else 0 end AS __key_saas_monthly_new_revenue_mt
      FROM "fpds"."public"."stg_fct_key_saas_bymonth" keysaas_monthly_sl_src_10000
    ) subq_3
    GROUP BY
      metric_time__month
  param_dict: {}
2026-04-29 13:22:05,756 INFO adapter_backed_client.py:152 [MainThread] - query() returned from dbt Adapter with response SELECT 11
2026-04-29 13:22:05,756 INFO adapter_backed_client.py:162 [MainThread] - Finished running query() (runtime=0.02s, returned_row_count=11)
2026-04-29 13:22:05,756 INFO metricflow_engine.py:527 [MainThread] - Finished query request (request_id=MetricFlowRequestId(mf_rid='el9c2o08'))
